[ecaidev.stagingrelease.com/storage/img/favicon_icon/1557734400favicon.ico]
[netdna.bootstrapcdn.com/bootstrap/3.0.0/css/bootstrap-glyphicons.css]
[backblue.gif]
[fade.gif]
[index.html]
[ecaidev.stagingrelease.com/img/frontend/homebanner_1.jpg]
[maxcdn.bootstrapcdn.com/font-awesome/4.7.0/css/font-awesome.min.css]
[ecaidev.stagingrelease.com/storage/img/logo/1564722025weblogo.png]
[ecaidev.stagingrelease.com/img/frontend/customerexperience.png]
[ecaidev.stagingrelease.com/img/frontend/innovation.png]
[ecaidev.stagingrelease.com/img/frontend/policy.png]
[ecaidev.stagingrelease.com/img/frontend/payments.png]
[ecaidev.stagingrelease.com/img/frontend/logistics.png]
[ecaidev.stagingrelease.com/img/frontend/marketing.png]
[ecaidev.stagingrelease.com/img/frontend/mission.png]
[ecaidev.stagingrelease.com/img/frontend/knowledge.jpg]
[ecaidev.stagingrelease.com/img/frontend/networking.jpg]
[ecaidev.stagingrelease.com/img/frontend/policy.jpg]
[ecaidev.stagingrelease.com/img/frontend/discounts.jpg]
[ecaidev.stagingrelease.com/img/frontend/training.jpg]
[ecaidev.stagingrelease.com/img/frontend/insights.jpg]
[ecaidev.stagingrelease.com/storage/img/company_logo/930ihf_logo.png]
[ecaidev.stagingrelease.com/img/frontend/emark_icon.png]
[ecaidev.stagingrelease.com/img/frontend/quality.png]
[ecaidev.stagingrelease.com/img/frontend/team1.jpg]
[ecaidev.stagingrelease.com/img/frontend/team2.jpg]
[ecaidev.stagingrelease.com/img/frontend/team3.jpg]
[ecaidev.stagingrelease.com/storage/img/company_logo/16Basant-Panchami.jpg]
[ecaidev.stagingrelease.com/storage/img/company_logo/124pic-3.png]
[ecaidev.stagingrelease.com/storage/img/company_logo/208.jpg]
[ecaidev.stagingrelease.com/storage/img/company_logo/821Lighthouse.jpg]
[ecaidev.stagingrelease.com/storage/img/company_logo/649img555.png]
[ecaidev.stagingrelease.com/storage/img/company_logo/360view.png]
[ajax.googleapis.com/ajax/libs/jquery/1.7.1/jquery.min.js]
[connect.facebook.net/en_US/sdk.js]
[ecaidev.stagingrelease.com/js/frontend/modernizr-2.8.3.min.js]
[ecaidev.stagingrelease.com/js/frontend/jquery-3.1.1.min.js]
[ecaidev.stagingrelease.com/js/frontend/bootstrap.min.js]
[ecaidev.stagingrelease.com/js/frontend/plugins.js]
[ecaidev.stagingrelease.com/js/frontend/main.js]
[ecaidev.stagingrelease.com/js/frontend/script.js]
[ecaidev.stagingrelease.com/js/backend/jquery-ui.js]
[ecaidev.stagingrelease.com/js/frontend/dropzone.js]
[ecaidev.stagingrelease.com/js/frontend/dashboard/scrollBar.js]
[ecaidev.stagingrelease.com/js/frontend/dashboard/jquery.mCustomScrollbar.concat.min.js]
[ecaidev.stagingrelease.com/js/select2/select2.full.js]
[ecaidev.stagingrelease.com/img/frontend/dashboard/user_icon.png]
[ecaidev.stagingrelease.com/ecai.html]
[ecaidev.stagingrelease.com/css/lightgallery.css]
[ecaidev.stagingrelease.com/css/frontend/dashboard/bootstrap.css]
[netdna.bootstrapcdn.com/bootstrap/3.0.0/css/bootstrap-glyphicons.css]
[ecaidev.stagingrelease.com/css/frontend/tinymce.css]
[ecaidev.stagingrelease.com/css/images/ui-icons_444444_256x240.png]
[ecaidev.stagingrelease.com/css/images/ui-icons_555555_256x240.png]
[ecaidev.stagingrelease.com/css/images/ui-icons_ffffff_256x240.png]
[ecaidev.stagingrelease.com/css/images/ui-icons_777620_256x240.png]
[ecaidev.stagingrelease.com/css/images/ui-icons_cc0000_256x240.png]
[ecaidev.stagingrelease.com/css/images/ui-icons_777777_256x240.png]
[ecaidev.stagingrelease.com/css/jquery-ui.css]
[ecaidev.stagingrelease.com/ecai/index.html]
[ecaidev.stagingrelease.com/css/frontend/bootstrap.min.css]
[ecaidev.stagingrelease.com/css/fonts/fontawesome-webfont3e6e.eot]
[ecaidev.stagingrelease.com/css/fonts/fontawesome-webfontd41d.eot]
[ecaidev.stagingrelease.com/css/fonts/fontawesome-webfont3e6e.woff2]
[ecaidev.stagingrelease.com/css/fonts/fontawesome-webfont3e6e.woff]
[ecaidev.stagingrelease.com/css/fonts/fontawesome-webfont3e6e.ttf]
[ecaidev.stagingrelease.com/css/fonts/ionicons28b5.eot]
[ecaidev.stagingrelease.com/css/fonts/ionicons28b5.ttf]
[ecaidev.stagingrelease.com/css/fonts/ionicons28b5.woff]
[ecaidev.stagingrelease.com/css/fonts/et-line.eot]
[ecaidev.stagingrelease.com/css/fonts/et-lined41d.eot]
[ecaidev.stagingrelease.com/css/fonts/et-line.woff]
[ecaidev.stagingrelease.com/css/fonts/et-line.ttf]
[ecaidev.stagingrelease.com/css/frontend/font-icons.css]
[ecaidev.stagingrelease.com/css/fonts/Linearicons.ttf]
[ecaidev.stagingrelease.com/css/fonts/icons3bc3.eot]
[ecaidev.stagingrelease.com/css/fonts/iconsd41d.eot]
[ecaidev.stagingrelease.com/css/fonts/icons3bc3.woff]
[ecaidev.stagingrelease.com/css/fonts/icons3bc3.ttf]
[ecaidev.stagingrelease.com/css/frontend/header_icon.css]
[ecaidev.stagingrelease.com/css/frontend/plugins.css]
[ecaidev.stagingrelease.com/css/fonts/MontserratRegular.ttf]
[ecaidev.stagingrelease.com/css/fonts/MontserratBold.ttf]
[ecaidev.stagingrelease.com/css/fonts/MontserratSemiBold.ttf]
[ecaidev.stagingrelease.com/css/fonts/MontserratLight.otf]
[ecaidev.stagingrelease.com/css/fonts/archivo.ttf]
[ecaidev.stagingrelease.com/css/frontend/style.css]
[ecaidev.stagingrelease.com/css/frontend/media.css]
[ecaidev.stagingrelease.com/css/frontend/ico.css]
[ecaidev.stagingrelease.com/css/frontend/select3.css]
[ecaidev.stagingrelease.com/css/frontend/dashboard/jquery.mCustomScrollbar.css]
[ecaidev.stagingrelease.com/css/frontend/dashboard/scrollBar.css]
[maxcdn.bootstrapcdn.com/font-awesome/4.7.0/css/font-awesome.min.css]
[ecaidev.stagingrelease.com/img/frontend/counter_bg.jpg]
[gifimage.net/wp-content/uploads/2017/08/loading-gif-transparent-25.gif]
[apis.google.com/js/platform.js]
[ecaidev.stagingrelease.com/ecai/signin.html]
[ecaidev.stagingrelease.com/index.html]
[ecaidev.stagingrelease.com/img/frontend/default_images/user_icon.png]
[ecaidev.stagingrelease.com/img/frontend/default_images/banner.jpg]
[ecaidev.stagingrelease.com/img/frontend/logo_size.png]
[ecaidev.stagingrelease.com/images/companylogo_icon.jpg]
[ecaidev.stagingrelease.com/images/offers.jpg]
[ecaidev.stagingrelease.com/ecai/members.html]
[ecaidev.stagingrelease.com/img/frontend/default_images/group_banner.png]
[ecaidev.stagingrelease.com/ecai/groups.html]
[unpkg.com/isotope-layout@3.0.6/dist/isotope.pkgd.min.js]
[ecaidev.stagingrelease.com/img/frontend/offers.jpg]
[ecaidev.stagingrelease.com/ecai/discounts.html]
[ecaidev.stagingrelease.com/storage/img/media_library/images/1569319297environment-1-681x566.jpg]
[ecaidev.stagingrelease.com/storage/img/media_library/videos/1569319297SampleVideo_1280x720_1mb.mp4]
[ecaidev.stagingrelease.com/js/frontend/jswplayer.js]
[ecaidev.stagingrelease.com/ecai/videos.html]
[ecaidev.stagingrelease.com/img/frontend/video_2.jpg]
[ecaidev.stagingrelease.com/ecai/insightseries.html]
[ecaidev.stagingrelease.com/ecai/trainingvideos.html]
[ecaidev.stagingrelease.com/img/frontend/photo.jpg]
[ecaidev.stagingrelease.com/js/frontend/core.min.js]
[ecaidev.stagingrelease.com/ecai/gallery.html]
[ecaidev.stagingrelease.com/storage/img/media_library/1569842109assimg.png]
[ecaidev.stagingrelease.com/storage/img/profile/316photo-1521402582226-33e57788298d.jpg]
[ecaidev.stagingrelease.com/storage/img/media_library/1569842022img61.png]
[ecaidev.stagingrelease.com/storage/img/media_library/1569841674img14.jpg]
[ecaidev.stagingrelease.com/storage/img/media_library/1569825636Desert.jpg]
[ecaidev.stagingrelease.com/storage/img/profile/863Hydrangeas.jpg]
[ecaidev.stagingrelease.com/storage/img/media_library/1569411555jio-sim.jpg]
[ecaidev.stagingrelease.com/storage/img/media_library/1570697677wordpress-581849_960_720.jpg]
[ecaidev.stagingrelease.com/storage/img/profile/83pexels-photo-1374510.jpg]
[ecaidev.stagingrelease.com/ecai/news.html]
[ecaidev.stagingrelease.com/storage/img/media_library/15707887265-habits.png]
[ecaidev.stagingrelease.com/storage/img/media_library/1567053489apple_reuters_1567052966642.jpg]
[ecaidev.stagingrelease.com/ecai/blogs.html]
[ecaidev.stagingrelease.com/img/frontend/default_images/pdf1.png]
[ecaidev.stagingrelease.com/img/frontend/default_images/csv1img.png]
[ecaidev.stagingrelease.com/img/frontend/default_images/ms_word.png]
[ecaidev.stagingrelease.com/img/frontend/default_images/microsoft-excel.png]
[ecaidev.stagingrelease.com/ecai/reports.html]
[ecaidev.stagingrelease.com/img/frontend/triangle.jpg]
[ecaidev.stagingrelease.com/img/frontend/pillar_about.jpg]
[ecaidev.stagingrelease.com/img/frontend/european.jpg]
[ecaidev.stagingrelease.com/ecai/pillarinfo.html]
[ecaidev.stagingrelease.com/img/frontend/page1.jpg]
[ecaidev.stagingrelease.com/img/frontend/logo1.jpg]
[ecaidev.stagingrelease.com/storage/img/media_library/156982211119.jpg]
[ecaidev.stagingrelease.com/storage/img/media_library/156982138717.jpg]
[ecaidev.stagingrelease.com/storage/img/media_library/156982126410.jpg]
[ecaidev.stagingrelease.com/storage/img/media_library/images/1571294119clouds-daylight-forest-592077.jpg]
[ecaidev.stagingrelease.com/storage/img/media_library/videos/1571294119test_vid.mp4]
[ecaidev.stagingrelease.com/ecai/experience.html]
[ecaidev.stagingrelease.com/storage/img/media_library/1569477123Koala.jpg]
[ecaidev.stagingrelease.com/storage/img/media_library/1569476991Hydrangeas.jpg]
[ecaidev.stagingrelease.com/storage/img/media_library/1569476912Desert.jpg]
[ecaidev.stagingrelease.com/storage/img/media_library/156947361215.jpg]
[ecaidev.stagingrelease.com/storage/img/media_library/15694735678.jpg]
[ecaidev.stagingrelease.com/storage/img/media_library/15694734087.jpg]
[ecaidev.stagingrelease.com/ecai/innovation.html]
[ecaidev.stagingrelease.com/storage/img/media_library/1569820598phoneimg.png]
[ecaidev.stagingrelease.com/storage/img/media_library/1566998164CHL69TNe.jpg]
[ecaidev.stagingrelease.com/storage/img/media_library/1566891179download.jpg]
[ecaidev.stagingrelease.com/storage/img/media_library/1570166916environment-1-681x566.jpg]
[ecaidev.stagingrelease.com/storage/img/media_library/1570693773online-marketing-advertisement-social-media-450w-438088582.jpg]
[ecaidev.stagingrelease.com/storage/img/media_library/1566891607download (8).jpg]
[ecaidev.stagingrelease.com/ecai/policy.html]
[ecaidev.stagingrelease.com/storage/img/media_library/156982664417.jpg]
[ecaidev.stagingrelease.com/storage/img/media_library/15698265818.jpg]
[ecaidev.stagingrelease.com/storage/img/media_library/1569826549Chrysanthemum.jpg]
[ecaidev.stagingrelease.com/storage/img/media_library/156982646520.jpg]
[ecaidev.stagingrelease.com/storage/img/media_library/1569826506Jellyfish.jpg]
[ecaidev.stagingrelease.com/storage/img/media_library/15698264147.jpg]
[ecaidev.stagingrelease.com/ecai/payments.html]
[ecaidev.stagingrelease.com/storage/img/media_library/1569824210Koala.jpg]
[ecaidev.stagingrelease.com/storage/img/media_library/1569824161Jellyfish.jpg]
[ecaidev.stagingrelease.com/storage/img/media_library/1569829353sd.jpg]
[ecaidev.stagingrelease.com/storage/img/media_library/156982374015 (1).jpg]
[ecaidev.stagingrelease.com/storage/img/media_library/15698231948.jpg]
[ecaidev.stagingrelease.com/storage/img/media_library/1569823041Chrysanthemum.jpg]
[ecaidev.stagingrelease.com/ecai/logistics.html]
[ecaidev.stagingrelease.com/storage/img/media_library/1569823850img99.png]
[ecaidev.stagingrelease.com/storage/img/media_library/1569823534img555.png]
[ecaidev.stagingrelease.com/storage/img/media_library/1569823242img88.png]
[ecaidev.stagingrelease.com/storage/img/media_library/1570693331gallery-4.jpg]
[ecaidev.stagingrelease.com/storage/img/media_library/1569824722img885.png]
[ecaidev.stagingrelease.com/storage/img/media_library/15698247812.png]
[ecaidev.stagingrelease.com/ecai/marketing.html]
[ecaidev.stagingrelease.com/img/frontend/partner_img.jpg]
[ecaidev.stagingrelease.com/ecai/pillarapply.html]
[ecaidev.stagingrelease.com/img/frontend/ecailogo.jpg]
[ecaidev.stagingrelease.com/ecai/aboutecai.html]
[ecaidev.stagingrelease.com/storage/img/company_image/612hands-437968_960_720.jpg]
[ecaidev.stagingrelease.com/storage/img/media_library/1567514989whatsapp-welcome-moto-x-hero.jpg]
[ecaidev.stagingrelease.com/storage/img/media_library/1569842406image10.jpg]
[ecaidev.stagingrelease.com/storage/img/media_library/1569842307blogimg.png]
[ecaidev.stagingrelease.com/storage/img/media_library/1569842196blogimg.png]
[ecaidev.stagingrelease.com/ecai/association/associationcdc5.html]
[ecaidev.stagingrelease.com/ecai/signincff1.html]
[ecaidev.stagingrelease.com/img/frontend/individual_logo.png]
[ecaidev.stagingrelease.com/img/frontend/seller_logo.png]
[ecaidev.stagingrelease.com/img/frontend/services_logo.png]
[ecaidev.stagingrelease.com/img/frontend/partner_logo.png]
[ecaidev.stagingrelease.com/img/frontend/pillar_logo.png]
[ecaidev.stagingrelease.com/img/frontend/ecaiicon.jpg]
[ecaidev.stagingrelease.com/ecai/compareindividual.html]
[ecaidev.stagingrelease.com/ecai/signin905b.html]
[ecaidev.stagingrelease.com/img/frontend/blank.png]
[ecaidev.stagingrelease.com/ecai/compareseller.html]
[ecaidev.stagingrelease.com/ecai/signin2207.html]
[ecaidev.stagingrelease.com/ecai/compareservice.html]
[ecaidev.stagingrelease.com/ecai/signin5c7e.html]
[ecaidev.stagingrelease.com/ecai/comparepartner.html]
[ecaidev.stagingrelease.com/storage/img/company_image/251work-2005640_1920-640x427.jpg]
[ecaidev.stagingrelease.com/ecai/site/nisha34d4.html]
[ecaidev.stagingrelease.com/storage/img/company_image/198landscape-4521413_960_720.jpg]
[ecaidev.stagingrelease.com/storage/img/media_library/1570616573audience-1866738_960_720.jpg]
[ecaidev.stagingrelease.com/storage/img/media_library/1566998058CHL69TNe.jpg]
[ecaidev.stagingrelease.com/storage/img/portfolio/1643.jpg]
[ecaidev.stagingrelease.com/storage/img/portfolio/7331.jpg]
[ecaidev.stagingrelease.com/storage/img/portfolio/4732.jpg]
[ecaidev.stagingrelease.com/ecai/site/nisha6d40.html]
[ecaidev.stagingrelease.com/storage/img/company_image/5717.jpg]
[code.jquery.com/jquery-1.11.0.min.js]
[ecaidev.stagingrelease.com/ecai/site/innovation01b4.html]
[ecaidev.stagingrelease.com/storage/img/company_image/930satelite.jpg]
[ecaidev.stagingrelease.com/ecai/site/logisticsd090.html]
[ecaidev.stagingrelease.com/storage/img/company_image/627landscape-4547734_960_720.jpg]
[ecaidev.stagingrelease.com/ecai/site/marketing6551.html]
[ecaidev.stagingrelease.com/storage/img/company_image/68918.jpg]
[ecaidev.stagingrelease.com/ecai/site/paymentsada1.html]
[ecaidev.stagingrelease.com/ecai/resolution.html]
[connect.facebook.net/en_US/sdk.js]
[ecaidev.stagingrelease.com/ecai/message/_id.html]
[ecaidev.stagingrelease.com/fonts/lgd641.html]
[ecaidev.stagingrelease.com/fonts/lgd41d.html]
[ecaidev.stagingrelease.com/fonts/lgd641-2.html]
[ecaidev.stagingrelease.com/fonts/lgd641-3.html]
[ecaidev.stagingrelease.com/fonts/lgd641-4.html]
[ecaidev.stagingrelease.com/img/vimeo-play.html]
[ecaidev.stagingrelease.com/img/video-play.html]
[ecaidev.stagingrelease.com/img/youtube-play.html]
[ecaidev.stagingrelease.com/img/loading.html]
[ecaidev.stagingrelease.com/css/frontend/fonts/glyphicons-halflings-regular.html]
[ecaidev.stagingrelease.com/css/frontend/fonts/glyphicons-halflings-regulard41d.html]
[ecaidev.stagingrelease.com/css/frontend/fonts/glyphicons-halflings-regular-2.html]
[ecaidev.stagingrelease.com/css/frontend/fonts/glyphicons-halflings-regular-3.html]
[ecaidev.stagingrelease.com/css/frontend/fonts/glyphicons-halflings-regular-4.html]
[ecaidev.stagingrelease.com/css/frontend/fonts/glyphicons-halflings-regular-5.html]
[ecaidev.stagingrelease.com/ecai/img/frontend/homebanner_1.html]
[ecaidev.stagingrelease.com/css/fonts/glyphicons-halflings-regular.html]
[ecaidev.stagingrelease.com/css/fonts/glyphicons-halflings-regulard41d.html]
[ecaidev.stagingrelease.com/css/fonts/glyphicons-halflings-regular-2.html]
[ecaidev.stagingrelease.com/css/fonts/glyphicons-halflings-regular-3.html]
[ecaidev.stagingrelease.com/css/fonts/glyphicons-halflings-regular-4.html]
[ecaidev.stagingrelease.com/css/fonts/glyphicons-halflings-regular-5.html]
[ecaidev.stagingrelease.com/css/fonts/fontawesome-webfont3e6e.svg]
[ecaidev.stagingrelease.com/css/fonts/ionicons28b5.svg]
[ecaidev.stagingrelease.com/css/fonts/et-line.svg]
[ecaidev.stagingrelease.com/css/fonts/icons3bc3.svg]
[ecaidev.stagingrelease.com/img/frontend/yellow_bg.jpg]
[ecaidev.stagingrelease.com/img/frontend/ribbon.jpg]
[ecaidev.stagingrelease.com/css/frontend/main.css]
[ecaidev.stagingrelease.com/css/frontend/buttons.css]
[ecaidev.stagingrelease.com/css/frontend/header.css]
[ecaidev.stagingrelease.com/css/frontend/defualt.css]
[ecaidev.stagingrelease.com/css/frontend/dashboard/mCSB_buttons.html]
[ecaidev.stagingrelease.com/storage/img/company_logo/companylogo_icon.html]
[ecaidev.stagingrelease.com/ecai/site.html]
[ecaidev.stagingrelease.com/offers.html]
[ecaidev.stagingrelease.com/ecai/movie.html]
[ecaidev.stagingrelease.com/ecai/searchvideo.html]
[ecaidev.stagingrelease.com/members.html]
[ecaidev.stagingrelease.com/video.html]
[ecaidev.stagingrelease.com/ecai/index-2.html]
[ecaidev.stagingrelease.com/storage/img/media_library/1559717352download (3).jpg]
[ecaidev.stagingrelease.com/storage/img/profile/689Desert.jpg]
[ecaidev.stagingrelease.com/storage/img/media_library/1559718097download (4).jpg]
[ecaidev.stagingrelease.com/storage/img/media_library/1559718167download (5).jpg]
[ecaidev.stagingrelease.com/ecai/newsdetails/whatsapp-will-stop-working-on-these-phones-from-february-next-yeard215.html]
[ecaidev.stagingrelease.com/ecai/newsdetails/shoppers-from-smaller-towns-help-amazon-and-flipkart-sales-buck-the-economic-slowdown3426.html]
[ecaidev.stagingrelease.com/ecai/newsdetails/association-news-test-5d515.html]
[ecaidev.stagingrelease.com/ecai/newsdetails/more-than-1400-persons-has-been-arrested-in-hongkongf71a.html]
[ecaidev.stagingrelease.com/ecai/newsdetails/my-news-added-by-nisha-pillar5807.html]
[ecaidev.stagingrelease.com/ecai/newsdetails/a-new-law-has-been-created-for-terrorists965e.html]
[ecaidev.stagingrelease.com/ecai/newspillars/_id.json]
[ecaidev.stagingrelease.com/ecai/newsseeall.html]
[ecaidev.stagingrelease.com/ecai/blogdetails/5-habits-of-successful-e-commerce-managers5dc5.html]
[ecaidev.stagingrelease.com/storage/img/media_library/15669025142.png]
[ecaidev.stagingrelease.com/ecai/blogdetails/apple-apologises-over-siri-privacy-and-will-no-longer-retain-audio-recordings7567.html]
[ecaidev.stagingrelease.com/ecai/ecaiteam.html]
[ecaidev.stagingrelease.com/ecai/experience/news.html]
[ecaidev.stagingrelease.com/ecai/experience/blogs.html]
[ecaidev.stagingrelease.com/ecai/experience/videos.html]
[ecaidev.stagingrelease.com/ecai/experience/groups.html]
[ecaidev.stagingrelease.com/ecai/experience/about.html]
[ecaidev.stagingrelease.com/ecai/experience/newsdetails/more-than-1400-persons-has-been-arrested-in-hongkongf71a.html]
[ecaidev.stagingrelease.com/ecai/experience/newsdetails/un-celebrates-its-70th-session599f.html]
[ecaidev.stagingrelease.com/ecai/experience/newsdetails/my-news-added-by-nisha-pillar5807.html]
[ecaidev.stagingrelease.com/ecai/experience/blogdetails/data-is-the-new-oilbdb4.html]
[ecaidev.stagingrelease.com/ecai/experience/blogdetails/why-we-are-heading-to-global-extinction997f.html]
[ecaidev.stagingrelease.com/ecai/experience/videodetails/telling-irelands-food-storyeb19.html]
[ecaidev.stagingrelease.com/storage/img/profile/750environment-1-681x566.jpg]
[ecaidev.stagingrelease.com/storage/img/media_library/1561019426photo-1521402582226-33e57788298d.jpg]
[ecaidev.stagingrelease.com/storage/img/media_library/1560844590looking-to-save-tax-on-house-rent-allowance-heres-all-you-need-to-know.gif]
[ecaidev.stagingrelease.com/storage/img/media_library/1571630210violence-against-women-1169348_960_720-640x383.jpg]
[ecaidev.stagingrelease.com/storage/img/media_library/15693249431.jpg]
[ecaidev.stagingrelease.com/storage/img/media_library/images/1561623708homemade1-640x425.jpg]
[ecaidev.stagingrelease.com/storage/img/media_library/videos/1571395460SampleVideo_1280x720_1mb.mp4]
[ecaidev.stagingrelease.com/ecai/site/abhishek6516.html]
[ecaidev.stagingrelease.com/storage/img/media_library/videos/1571294119test_vid.mp4]
[ecaidev.stagingrelease.com/ecai/experience/videodetails/the-animation35a5.html]
[ecaidev.stagingrelease.com/storage/img/profile/1562218195blog1.jpg]
[ecaidev.stagingrelease.com/storage/img/media_library/1559729468pexels-photo-2372596.jpg]
[ecaidev.stagingrelease.com/storage/img/media_library/1559729305pexels-photo-2366008.jpg]
[ecaidev.stagingrelease.com/storage/img/media_library/1559729188pexels-photo-2342826.jpg]
[ecaidev.stagingrelease.com/storage/img/media_library/1559728891parisday4.jpg]
[ecaidev.stagingrelease.com/storage/img/media_library/1559728086sydneywheretostay2.jpg]
[ecaidev.stagingrelease.com/storage/img/media_library/1559728033pexels-photo-2324346.jpg]
[ecaidev.stagingrelease.com/ecai/site/nisha1cfc.html]
[ecaidev.stagingrelease.com/storage/img/profile/714clouds-daylight-forest-592077.jpg]
[ecaidev.stagingrelease.com/ecai/innovation/news.html]
[ecaidev.stagingrelease.com/ecai/innovation/blogs.html]
[ecaidev.stagingrelease.com/ecai/innovation/videos.html]
[ecaidev.stagingrelease.com/ecai/innovation/groups.html]
[ecaidev.stagingrelease.com/ecai/innovation/about.html]
[ecaidev.stagingrelease.com/ecai/innovation/newsdetails/continuous-terror-threats-from-the-other-side-of-the-border-can-boost-up-indias-stand-on-kashmird2c0.html]
[ecaidev.stagingrelease.com/ecai/innovation/newsdetails/india-opens-150-mn-usd-credit-line-for-asia-pacific-countries5287.html]
[ecaidev.stagingrelease.com/ecai/innovation/newsdetails/howdy-modi-was-a-big-blow-to-pakistand218.html]
[ecaidev.stagingrelease.com/ecai/innovation/blogdetails/kottke8545.html]
[ecaidev.stagingrelease.com/ecai/innovation/blogdetails/techcrunch11c8.html]
[ecaidev.stagingrelease.com/ecai/innovation/blogdetails/boing-boing34dd.html]
[ecaidev.stagingrelease.com/storage/img/profile/383img.png]
[ecaidev.stagingrelease.com/ecai/policy/news.html]
[ecaidev.stagingrelease.com/ecai/policy/blogs.html]
[ecaidev.stagingrelease.com/ecai/policy/videos.html]
[ecaidev.stagingrelease.com/ecai/policy/groups.html]
[ecaidev.stagingrelease.com/ecai/policy/about.html]
[ecaidev.stagingrelease.com/ecai/policy/newsdetails/samsung-galaxy-a70s-launched-in-india-key-specs-price-in-india-sale-date-and-more-details9b1f.html]
[ecaidev.stagingrelease.com/ecai/policy/newsdetails/xiaomi-mi-a3-129990708.html]
[ecaidev.stagingrelease.com/ecai/policy/newsdetails/experience-news-pillarda5c.html]
[ecaidev.stagingrelease.com/ecai/policy/blogdetails/best-iphone0d88.html]
[ecaidev.stagingrelease.com/ecai/policy/blogdetails/beginner-guides5dbd.html]
[ecaidev.stagingrelease.com/ecai/policy/blogdetails/experience-blog-test-piller4ee0.html]
[ecaidev.stagingrelease.com/storage/img/profile/64119.jpg]
[ecaidev.stagingrelease.com/ecai/payments/news.html]
[ecaidev.stagingrelease.com/ecai/payments/blogs.html]
[ecaidev.stagingrelease.com/ecai/payments/videos.html]
[ecaidev.stagingrelease.com/ecai/payments/groups.html]
[ecaidev.stagingrelease.com/ecai/payments/about.html]
[ecaidev.stagingrelease.com/ecai/payments/newsdetails/flood-like-situation-in-ocklahomaede4.html]
[ecaidev.stagingrelease.com/ecai/payments/newsdetails/6-terrorists-are-killed-in-an-ecounter101d.html]
[ecaidev.stagingrelease.com/ecai/payments/newsdetails/india-to-assign-its-first-ever-codf5b8.html]
[ecaidev.stagingrelease.com/ecai/payments/blogdetails/world-economy-is-taking-a-hit-these-days41d6.html]
[ecaidev.stagingrelease.com/ecai/payments/blogdetails/textile-market-is-on-its-new-boomc51a.html]
[ecaidev.stagingrelease.com/ecai/payments/blogdetails/why-banks-are-merging-in-india4e6e.html]
[ecaidev.stagingrelease.com/storage/img/profile/787Tulips.jpg]
[ecaidev.stagingrelease.com/ecai/logistics/news.html]
[ecaidev.stagingrelease.com/ecai/logistics/blogs.html]
[ecaidev.stagingrelease.com/ecai/logistics/videos.html]
[ecaidev.stagingrelease.com/ecai/logistics/groups.html]
[ecaidev.stagingrelease.com/ecai/logistics/about.html]
[ecaidev.stagingrelease.com/ecai/logistics/newsdetails/optical-fiber-tech-is-still-in-its-premature-condition5521.html]
[ecaidev.stagingrelease.com/ecai/logistics/newsdetails/5g-technologyd914.html]
[ecaidev.stagingrelease.com/ecai/logistics/newsdetails/why-indian-education-system-need-to-be-improved9561.html]
[ecaidev.stagingrelease.com/ecai/logistics/blogdetails/automobile-industry-is-taking-a-hit6ce9.html]
[ecaidev.stagingrelease.com/ecai/logistics/blogdetails/why-imran-khan-is-failed-over-kashmira52d.html]
[ecaidev.stagingrelease.com/ecai/logistics/blogdetails/e-commerce-are-creating-new-era9971.html]
[ecaidev.stagingrelease.com/ecai/marketing/news.html]
[ecaidev.stagingrelease.com/ecai/marketing/blogs.html]
[ecaidev.stagingrelease.com/ecai/marketing/videos.html]
[ecaidev.stagingrelease.com/ecai/marketing/groups.html]
[ecaidev.stagingrelease.com/ecai/marketing/about.html]
[ecaidev.stagingrelease.com/ecai/marketing/newsdetails/dont-think-its-fair-to-have-a-result-like-that-eoin-morgan-on-world-cup-2019-final9c33.html]
[ecaidev.stagingrelease.com/ecai/marketing/newsdetails/vivo-v17-pro-goes-on-sale-in-india-for-the-first-time-check-specs-price-where-to-buy-and-other-details9eb9.html]
[ecaidev.stagingrelease.com/ecai/marketing/newsdetails/ms-dhoni-meets-president-ram-nath-kovind-over-dinner-at-rajbhawan-in-ranchi9110.html]
[ecaidev.stagingrelease.com/ecai/marketing/blogdetails/blog-test46cb.html]
[ecaidev.stagingrelease.com/ecai/marketing/blogdetails/cricket-icc-world-test-championship-everything-you-need-to-know-about-the-inaugural-edition5915.html]
[ecaidev.stagingrelease.com/ecai/marketing/blogdetails/blog-testing2901.html]
[ecaidev.stagingrelease.com/css/frontend/association/about.css]
[ecaidev.stagingrelease.com/ecai/association/associationcdc5/news.html]
[ecaidev.stagingrelease.com/ecai/association/associationcdc5/blogs.html]
[ecaidev.stagingrelease.com/ecai/association/associationcdc5/videos.html]
[ecaidev.stagingrelease.com/ecai/association/associationcdc5/members.html]
[ecaidev.stagingrelease.com/ecai/association/associationcdc5/description.html]
[ecaidev.stagingrelease.com/ecai/association/associationcdc5/newsdetails/whatsapp-will-stop-working-on-these-phones-from-february-next-yeard215.html]
[ecaidev.stagingrelease.com/ecai/association/associationcdc5/newsdetails/shoppers-from-smaller-towns-help-amazon-and-flipkart-sales-buck-the-economic-slowdown3426.html]
[ecaidev.stagingrelease.com/ecai/association/associationcdc5/newsdetails/whatsapp-welcome6e68.html]
[ecaidev.stagingrelease.com/ecai/association/associationcdc5/blogdetails/association-company-blog-test-11099.html]
[ecaidev.stagingrelease.com/ecai/association/associationcdc5/blogdetails/success-of-our-tour-will-encourage-others-to-play-in-pakistan-sri-lanka-coache99e.html]
[ecaidev.stagingrelease.com/ecai/association/associationcdc5/blogdetails/anyone-with-passion-to-game-can-have-a-gaming-career-in-india-ubisoft-pune-mdb7d1.html]
[ecaidev.stagingrelease.com/ecai/association/associationcdc5/videodetails/youtube-video-for-association-testing1555.html]
[ecaidev.stagingrelease.com/ecai/association/associationcdc5/videodetails/association-video-test-for-company5790.html]
[ecaidev.stagingrelease.com/css/frontend/individual/individual.css]
[ecaidev.stagingrelease.com/ecai/site/nisha34d4/news.html]
[ecaidev.stagingrelease.com/ecai/site/nisha34d4/portfolio.html]
[ecaidev.stagingrelease.com/ecai/site/nisha34d4/description.html]
[ecaidev.stagingrelease.com/ecai/site/nisha34d4/groups.html]
[ecaidev.stagingrelease.com/ecai/site/nisha34d4/services.html]
[ecaidev.stagingrelease.com/img/frontend/companylogo_icon.jpg]
[ecaidev.stagingrelease.com/ecai/site/nisha34d4/followers.html]
[ecaidev.stagingrelease.com/ecai/site/nisha34d4/newsdetails/my-news-added-by-nisha-pillar5807.html]
[ecaidev.stagingrelease.com/ecai/site/nisha6d40/news.html]
[ecaidev.stagingrelease.com/ecai/site/nisha6d40/videos.html]
[ecaidev.stagingrelease.com/ecai/site/nisha6d40/offers.html]
[ecaidev.stagingrelease.com/ecai/site/nisha6d40/portfolio.html]
[ecaidev.stagingrelease.com/ecai/site/nisha6d40/description.html]
[ecaidev.stagingrelease.com/ecai/site/nisha6d40/groups.html]
[ecaidev.stagingrelease.com/ecai/site/nisha6d40/services.html]
[ecaidev.stagingrelease.com/ecai/site/nisha6d40/followers.html]
[ecaidev.stagingrelease.com/ecai/site/nisha6d40/newsdetails/india-vs-south-africa-2nd-test-rampaging-india-eye-series-wrap-south-africa-hope-to-stay-afloatdbfd.html]
[ecaidev.stagingrelease.com/ecai/site/nisha6d40/newsdetails/xiaomi-mi-tv-pro-lineup-to-start-receiving-android-9-pie-update-next-month-report5ee2.html]
[ecaidev.stagingrelease.com/ecai/site/nisha6d40/videodetails/testing-video-by-pillaree8d.html]
[ecaidev.stagingrelease.com/ecai/site/nisha6d40/portfoliodetails/6.html]
[ecaidev.stagingrelease.com/ecai/site/nisha6d40/portfoliodetails/5.html]
[ecaidev.stagingrelease.com/ecai/site/nisha6d40/portfoliodetails/3.html]
[ecaidev.stagingrelease.com/storage/img/media_library/1569830844looking-to-save-tax-on-house-rent-allowance-heres-all-you-need-to-know.gif]
[ecaidev.stagingrelease.com/ecai/site/innovation01b4/blogs.html]
[ecaidev.stagingrelease.com/ecai/site/innovation01b4/portfolio.html]
[ecaidev.stagingrelease.com/ecai/site/innovation01b4/description.html]
[ecaidev.stagingrelease.com/ecai/site/innovation01b4/groups.html]
[ecaidev.stagingrelease.com/ecai/site/innovation01b4/services.html]
[ecaidev.stagingrelease.com/ecai/site/innovation01b4/followers.html]
[ecaidev.stagingrelease.com/ecai/site/logisticsd090/portfolio.html]
[ecaidev.stagingrelease.com/ecai/site/logisticsd090/description.html]
[ecaidev.stagingrelease.com/ecai/site/logisticsd090/services.html]
[ecaidev.stagingrelease.com/ecai/site/logisticsd090/followers.html]
[ecaidev.stagingrelease.com/ecai/site/marketing6551/portfolio.html]
[ecaidev.stagingrelease.com/ecai/site/marketing6551/description.html]
[ecaidev.stagingrelease.com/ecai/site/marketing6551/services.html]
[ecaidev.stagingrelease.com/ecai/site/marketing6551/followers.html]
[ecaidev.stagingrelease.com/ecai/site/paymentsada1/portfolio.html]
[ecaidev.stagingrelease.com/ecai/site/paymentsada1/description.html]
[ecaidev.stagingrelease.com/ecai/site/paymentsada1/services.html]
[ecaidev.stagingrelease.com/ecai/site/paymentsada1/followers.html]
[ecaidev.stagingrelease.com/css/images/pillar_bg.html]
[ecaidev.stagingrelease.com/css/images/jobs.html]
[ecaidev.stagingrelease.com/css/images/benifits.html]
[ecaidev.stagingrelease.com/css/images/title-bg.html]
[ecaidev.stagingrelease.com/css/images/isotope-loader.html]
[ecaidev.stagingrelease.com/css/images/loading.html]
[ecaidev.stagingrelease.com/ecai/members-2.html]
[ecaidev.stagingrelease.com/ecai/video.html]
[ecaidev.stagingrelease.com/storage/img/profile/96blog2.jpg]
[ecaidev.stagingrelease.com/ecai/site/associationbc55.html]
[ecaidev.stagingrelease.com/storage/img/media_library/1559718215download (6).jpg]
[ecaidev.stagingrelease.com/ecai/newsdetails/looking-to-save-tax-on-house-rent-allowance-heres-all-you-need-to-know5756.html]
[ecaidev.stagingrelease.com/ecai/newsdetails/woman-killed-1-injured-as-militants-open-fire-in-jammu-and-kashmirs-pulwama5f0f.html]
[ecaidev.stagingrelease.com/ecai/newsdetails/from-beef-to-beep_-organisers-change-name-of-festival-in-kolkata-after-threats7fa.html]
[ecaidev.stagingrelease.com/ecai/blogdetails/association-blog8d7f.html]
[ecaidev.stagingrelease.com/ecai/experience/index.html]
[ecaidev.stagingrelease.com/ecai/experience/movie.html]
[ecaidev.stagingrelease.com/ecai/experience/members.html]
[ecaidev.stagingrelease.com/ecai/experience/video.html]
[ecaidev.stagingrelease.com/ecai/experience/newsdetails/index.html]
[ecaidev.stagingrelease.com/ecai/experience/blogdetails/index.html]
[ecaidev.stagingrelease.com/ecai/experience/videodetails/index.html]
[ecaidev.stagingrelease.com/css/frontend/business/business.css]
[ecaidev.stagingrelease.com/ecai/site/abhishek6516/news.html]
[ecaidev.stagingrelease.com/ecai/site/abhishek6516/blogs.html]
[ecaidev.stagingrelease.com/ecai/site/abhishek6516/videos.html]
[ecaidev.stagingrelease.com/js/lightgallery-all.min.js]
[ecaidev.stagingrelease.com/ecai/site/abhishek6516/photos.html]
[ecaidev.stagingrelease.com/ecai/site/abhishek6516/aboutme.html]
[ecaidev.stagingrelease.com/ecai/site/abhishek6516/groups.html]
[ecaidev.stagingrelease.com/ecai/site/abhishek6516/connections.html]
[ecaidev.stagingrelease.com/ecai/site/abhishek6516/newsdetails/india-is-becoming-more-intolerant-under-our--modi-govt510b.html]
[ecaidev.stagingrelease.com/ecai/site/abhishek6516/newsdetails/budget-2019-will-income-tax-slabs-rates-get-another-revision5e82.html]
[ecaidev.stagingrelease.com/ecai/site/abhishek6516/blogdetails/womens-safety--how-to-care-yourself-in-todays-society53dc.html]
[cdn.vox-cdn.com/thumbor/8tLchaDMIEDNzUD3mYQ7v1ZQL84=/0x0_2012x1341/920x613/filters_focal(0x0_2012x1341)_format(webp)/cdn.vox-cdn.com/uploads/chorus_image/image/47070706/google2.0.0.jpg]
[ecaidev.stagingrelease.com/ecai/site/abhishek6516/blogdetails/nisha-blog510b.html]
[ecaidev.stagingrelease.com/ecai/site/abhishek6516/videodetails/this-is-a-testing-video-uploaded-by-dashboard-page51dc.html]
[ecaidev.stagingrelease.com/ecai/site/abhishek6516/videodetails/telling-irelands-food-storyeb19.html]
[ecaidev.stagingrelease.com/ecai/experience/videodetails/movie.html]
[ecaidev.stagingrelease.com/ecai/site/nisha1cfc/news.html]
[ecaidev.stagingrelease.com/ecai/site/nisha1cfc/blogs.html]
[ecaidev.stagingrelease.com/ecai/site/nisha1cfc/aboutme.html]
[ecaidev.stagingrelease.com/ecai/site/nisha1cfc/groups.html]
[ecaidev.stagingrelease.com/ecai/site/nisha1cfc/newsdetails/quran-graces-the-altar-at-st-patricks-cathedral-in-pune5c57.html]
[ecaidev.stagingrelease.com/ecai/site/nisha1cfc/newsdetails/south-mumbai-has-23-extremely-dangerous-buildingsc598.html]
[ecaidev.stagingrelease.com/ecai/site/nisha1cfc/newsdetails/experiments-dont-always-succeedakhilesh-yadav-on-alliance-with-mayawati498f.html]
[ecaidev.stagingrelease.com/ecai/site/nisha1cfc/blogdetails/can-introverts-successfully-travel-solo9551.html]
[ecaidev.stagingrelease.com/ecai/site/nisha1cfc/blogdetails/can-you-teach-english-abroad-without-a-teflc9fe.html]
[ecaidev.stagingrelease.com/ecai/site/nisha1cfc/blogdetails/how-to-get-around-central-america-on-a-budgetca7f.html]
[ecaidev.stagingrelease.com/ecai/innovation/index.html]
[ecaidev.stagingrelease.com/ecai/site/innovation1808.html]
[ecaidev.stagingrelease.com/ecai/innovation/members.html]
[ecaidev.stagingrelease.com/ecai/innovation/video.html]
[ecaidev.stagingrelease.com/ecai/innovation/newsdetails/index.html]
[ecaidev.stagingrelease.com/ecai/innovation/blogdetails/index.html]
[ecaidev.stagingrelease.com/ecai/policy/index.html]
[ecaidev.stagingrelease.com/storage/img/profile/1716991019227_d83b18ea2c_b.jpg]
[ecaidev.stagingrelease.com/storage/img/media_library/1569325263img7.jpg]
[ecaidev.stagingrelease.com/ecai/site/nisha320d.html]
[ecaidev.stagingrelease.com/ecai/policy/members.html]
[ecaidev.stagingrelease.com/ecai/policy/video.html]
[ecaidev.stagingrelease.com/ecai/policy/newsdetails/index.html]
[ecaidev.stagingrelease.com/ecai/policy/blogdetails/index.html]
[ecaidev.stagingrelease.com/ecai/payments/index.html]
[ecaidev.stagingrelease.com/ecai/site/paymentsafd5.html]
[ecaidev.stagingrelease.com/ecai/payments/members.html]
[ecaidev.stagingrelease.com/ecai/payments/video.html]
[ecaidev.stagingrelease.com/ecai/payments/newsdetails/index.html]
[ecaidev.stagingrelease.com/ecai/payments/blogdetails/index.html]
[ecaidev.stagingrelease.com/ecai/logistics/index.html]
[ecaidev.stagingrelease.com/ecai/site/logistics0166.html]
[ecaidev.stagingrelease.com/ecai/logistics/members.html]
[ecaidev.stagingrelease.com/ecai/logistics/video.html]
[ecaidev.stagingrelease.com/ecai/logistics/newsdetails/index.html]
[ecaidev.stagingrelease.com/ecai/logistics/blogdetails/index.html]
[ecaidev.stagingrelease.com/ecai/marketing/index.html]
[ecaidev.stagingrelease.com/storage/img/media_library/videos/1569473553file_example_MP4_480_1_5MG.mp4]
[ecaidev.stagingrelease.com/ecai/site/marketing9383.html]
[ecaidev.stagingrelease.com/ecai/marketing/members.html]
[ecaidev.stagingrelease.com/ecai/marketing/video.html]
[ecaidev.stagingrelease.com/ecai/marketing/newsdetails/index.html]
[ecaidev.stagingrelease.com/ecai/marketing/blogdetails/index.html]
[ecaidev.stagingrelease.com/ecai/association/slug.html]
[ecaidev.stagingrelease.com/ecai/site/slug.html]
[ecaidev.stagingrelease.com/ecai/site/slug/newsdetails/blog_slug.html]
[ecaidev.stagingrelease.com/ecai/site/nisha6d40/videodetails/movie.html]
[ecaidev.stagingrelease.com/ecai/site/innovation01b4/blogdetails/tax-tips-by-innovation-company-individual5bdc.html]
[ecaidev.stagingrelease.com/ecai/site/slug/blogdetails/blog_slug.html]
[ecaidev.stagingrelease.com/storage/img/media_library/1569841632img555.png]
[ecaidev.stagingrelease.com/ecai/site/associationbc55/news.html]
[ecaidev.stagingrelease.com/storage/img/media_library/1569841590img1.jpg]
[ecaidev.stagingrelease.com/storage/img/media_library/1569841550b4062648-11c5-44c0-ac9f-2d132395c71a.png]
[ecaidev.stagingrelease.com/ecai/site/associationbc55/blogs.html]
[ecaidev.stagingrelease.com/ecai/site/associationbc55/videos.html]
[ecaidev.stagingrelease.com/ecai/site/associationbc55/aboutme.html]
[ecaidev.stagingrelease.com/storage/img/media_library/1559718274download (7).jpg]
[ecaidev.stagingrelease.com/storage/img/media_library/1559717923eurailfaq5.jpg]
[ecaidev.stagingrelease.com/storage/img/media_library/1559717797stockholmstay1.jpg]
[ecaidev.stagingrelease.com/storage/img/media_library/1559717856sydneywheretostay2.jpg]
[ecaidev.stagingrelease.com/ecai/site/ajay7257.html]
[ecaidev.stagingrelease.com/ecai/newsdetails/podcastmodis-cabinet-and-sajjid-chinoy-on-economic-choices-the-govt-faces646f.html]
[ecaidev.stagingrelease.com/ecai/site/storage/img/media_library/15693249431.html]
[ecaidev.stagingrelease.com/ecai/site/abhishek6516/videodetails/movie.html]
[ecaidev.stagingrelease.com/ecai/site/innovation1808/groups.html]
[ecaidev.stagingrelease.com/storage/img/media_library/1566902182CHL69TNe.jpg]
[ecaidev.stagingrelease.com/ecai/site/nisha320d/news.html]
[ecaidev.stagingrelease.com/ecai/site/nisha320d/blogs.html]
[ecaidev.stagingrelease.com/ecai/site/nisha320d/videos.html]
[ecaidev.stagingrelease.com/ecai/site/nisha320d/photos.html]
[ecaidev.stagingrelease.com/ecai/site/nisha320d/aboutme.html]
[ecaidev.stagingrelease.com/ecai/site/nisha320d/groups.html]
[ecaidev.stagingrelease.com/ecai/site/nisha320d/connections.html]
[ecaidev.stagingrelease.com/ecai/site/nisha320d/blogdetails/wistia-blog88d0.html]
[ecaidev.stagingrelease.com/ecai/site/nisha320d/videodetails/video-testd11e.html]
[ecaidev.stagingrelease.com/storage/img/media_library/images/index.html]
[ecaidev.stagingrelease.com/ecai/site/associationbc55/newsdetails/association-news-test-5d515.html]
[ecaidev.stagingrelease.com/ecai/site/associationbc55/newsdetails/association-news-test-31ada.html]
[ecaidev.stagingrelease.com/ecai/site/associationbc55/blogdetails/association-blog-test-3be09.html]
[ecaidev.stagingrelease.com/ecai/site/associationbc55/blogdetails/association-blog-test-21ee6.html]
[ecaidev.stagingrelease.com/ecai/site/ajay7257/news.html]
[ecaidev.stagingrelease.com/ecai/site/ajay7257/blogs.html]
[ecaidev.stagingrelease.com/ecai/site/ajay7257/newsdetails/podcastmodis-cabinet-and-sajjid-chinoy-on-economic-choices-the-govt-faces646f.html]
[ecaidev.stagingrelease.com/ecai/site/ajay7257/newsdetails/no-fresh-nipah-case-as-kerala-fights-hard-to-contain-any-outbreak219e.html]
[ecaidev.stagingrelease.com/ecai/site/ajay7257/newsdetails/from-beef-to-beep_-organisers-change-name-of-festival-in-kolkata-after-threats7fa.html]
[ecaidev.stagingrelease.com/ecai/site/ajay7257/blogdetails/everything-you-need-to-know-about-the-eurail-global-pass68fd.html]
[ecaidev.stagingrelease.com/ecai/site/ajay7257/blogdetails/best-neighborhoods-in-stockholm_-where-to-stay-during-your-visit3f57.html]
[ecaidev.stagingrelease.com/ecai/site/ajay7257/blogdetails/the-best-neighborhoods-in-sydney_-where-to-stay-on-your-visit5e56.html]
[ecaidev.stagingrelease.com/ecai/site/nisha320d/newsdetails/the-harley-davidson-street-750-anniversary-edition-is-limited-to-just-300-unitscd5f.html]
[ecaidev.stagingrelease.com/ecai/site/nisha320d/videodetails/movie.html]
